<?xml version="1.0" encoding="utf-8"?>
<CoverageSession xmlns:xsd="http://www.w3.org/2001/XMLSchema" xmlns:xsi="http://www.w3.org/2001/XMLSchema-instance" Version="4.7.922.0">
  <Summary numSequencePoints="0" visitedSequencePoints="0" numBranchPoints="0" visitedBranchPoints="0" sequenceCoverage="0" branchCoverage="0" maxCyclomaticComplexity="0" minCyclomaticComplexity="0" maxCrapScore="0" minCrapScore="0" visitedClasses="0" numClasses="0" visitedMethods="0" numMethods="0" />
  <Modules>
    <Module skippedDueTo="Filter" hash="0C-CB-87-9A-7C-B9-E6-42-79-9B-98-9D-5A-46-02-8B-86-14-94-B4">
      <ModulePath>C:\Windows\Microsoft.Net\assembly\GAC_32\mscorlib\v4.0_4.0.0.0__b77a5c561934e089\mscorlib.dll</ModulePath>
      <ModuleTime>2021-02-09T23:13:42Z</ModuleTime>
      <ModuleName>mscorlib</ModuleName>
      <Classes />
    </Module>
    <Module skippedDueTo="MissingPdb" hash="0B-E4-76-E0-48-E4-E2-03-66-7E-DD-05-31-36-ED-10-33-70-58-FC">
      <ModulePath>C:\Program Files (x86)\Microsoft Visual Studio\2019\Community\Common7\IDE\mstest.exe</ModulePath>
      <ModuleTime>2021-03-02T10:18:42.0677247Z</ModuleTime>
      <ModuleName>MSTest</ModuleName>
      <Classes />
    </Module>
    <Module skippedDueTo="MissingPdb" hash="4F-FF-86-38-71-4A-3C-F9-54-99-66-FE-9B-A0-D1-A1-3E-16-2F-AA">
      <ModulePath>C:\Program Files (x86)\Microsoft Visual Studio\2019\Community\Common7\IDE\PublicAssemblies\Microsoft.VisualStudio.QualityTools.Common.dll</ModulePath>
      <ModuleTime>2021-03-08T19:20:15.9337585Z</ModuleTime>
      <ModuleName>Microsoft.VisualStudio.QualityTools.Common</ModuleName>
      <Classes />
    </Module>
    <Module skippedDueTo="Filter" hash="3E-65-A2-05-7C-67-F0-C6-A0-B8-F5-C9-09-73-B6-EC-86-B4-9C-58">
      <ModulePath>C:\Windows\Microsoft.Net\assembly\GAC_MSIL\System\v4.0_4.0.0.0__b77a5c561934e089\System.dll</ModulePath>
      <ModuleTime>2020-10-08T02:21:33.8194762Z</ModuleTime>
      <ModuleName>System</ModuleName>
      <Classes />
    </Module>
    <Module skippedDueTo="MissingPdb" hash="08-BF-B9-10-35-09-2B-93-B9-6F-D8-88-D1-90-0A-49-39-FB-26-A3">
      <ModulePath>C:\Program Files (x86)\Microsoft Visual Studio\2019\Community\Common7\IDE\PublicAssemblies\Microsoft.VisualStudio.QualityTools.ExecutionCommon.dll</ModulePath>
      <ModuleTime>2021-03-08T19:20:15.9337585Z</ModuleTime>
      <ModuleName>Microsoft.VisualStudio.QualityTools.ExecutionCommon</ModuleName>
      <Classes />
    </Module>
    <Module skippedDueTo="MissingPdb" hash="6F-E1-BF-27-8F-B5-97-E8-3F-CF-7B-EC-C3-E9-E6-F7-DB-1D-6F-58">
      <ModulePath>C:\Program Files (x86)\Microsoft Visual Studio\2019\Community\Common7\IDE\PrivateAssemblies\Microsoft.VisualStudio.QualityTools.Resource.dll</ModulePath>
      <ModuleTime>2021-03-08T19:20:15.9025159Z</ModuleTime>
      <ModuleName>Microsoft.VisualStudio.QualityTools.Resource</ModuleName>
      <Classes />
    </Module>
    <Module skippedDueTo="Filter" hash="C8-2E-64-82-9F-3E-E5-68-28-EC-A3-5B-05-18-0A-CC-70-C1-0D-04">
      <ModulePath>C:\Windows\Microsoft.Net\assembly\GAC_MSIL\System.Configuration\v4.0_4.0.0.0__b03f5f7f11d50a3a\System.Configuration.dll</ModulePath>
      <ModuleTime>2020-11-19T02:44:28.8503143Z</ModuleTime>
      <ModuleName>System.Configuration</ModuleName>
      <Classes />
    </Module>
    <Module skippedDueTo="Filter" hash="DA-72-DA-8C-56-D2-30-3A-A5-9C-B3-A9-A9-6F-D8-2F-60-43-B5-A9">
      <ModulePath>C:\Windows\Microsoft.Net\assembly\GAC_MSIL\System.Xml\v4.0_4.0.0.0__b77a5c561934e089\System.Xml.dll</ModulePath>
      <ModuleTime>2019-12-07T09:10:37.7737543Z</ModuleTime>
      <ModuleName>System.Xml</ModuleName>
      <Classes />
    </Module>
    <Module skippedDueTo="MissingPdb" hash="00-CE-57-13-60-4F-3E-F2-62-C5-C1-F6-ED-95-0E-37-F5-BA-AC-6C">
      <ModulePath>C:\Program Files (x86)\Microsoft Visual Studio\2019\Community\Common7\IDE\PrivateAssemblies\Microsoft.VisualStudio.QualityTools.CommandLine.dll</ModulePath>
      <ModuleTime>2021-03-02T10:18:42.0833201Z</ModuleTime>
      <ModuleName>Microsoft.VisualStudio.QualityTools.CommandLine</ModuleName>
      <Classes />
    </Module>
    <Module skippedDueTo="MissingPdb" hash="C1-DD-11-20-28-59-0B-DE-AB-8F-0F-9F-CD-D7-E6-42-F9-0C-91-09">
      <ModulePath>C:\Program Files (x86)\Microsoft Visual Studio\2019\Community\Common7\IDE\PrivateAssemblies\Microsoft.VisualStudio.QualityTools.TMI.dll</ModulePath>
      <ModuleTime>2021-03-08T19:20:15.918138Z</ModuleTime>
      <ModuleName>Microsoft.VisualStudio.QualityTools.TMI</ModuleName>
      <Classes />
    </Module>
    <Module skippedDueTo="Filter" hash="5C-4C-90-3F-55-6E-81-66-3D-10-B6-6C-7F-81-83-AA-B2-66-9C-E4">
      <ModulePath>C:\Windows\Microsoft.Net\assembly\GAC_MSIL\System.Core\v4.0_4.0.0.0__b77a5c561934e089\System.Core.dll</ModulePath>
      <ModuleTime>2021-02-09T23:13:40.5754059Z</ModuleTime>
      <ModuleName>System.Core</ModuleName>
      <Classes />
    </Module>
  </Modules>
</CoverageSession>